[Ultrawavetrd.live/index.html]
[backblue.gif]
[fade.gif]
[index.html]
[Ultrawavetrd.live/wp-json/oembed/1.0/embedba88.json]
[Ultrawavetrd.live/feed/index.html]
[Ultrawavetrd.live/comments/feed/index.html]
[Ultrawavetrd.live/wp-json/oembed/1.0/embedc65b]
[Ultrawavetrd.live/wp-content/cache/wpo-minify/1784334304/assets/wpo-minify-header-hello-elementor1774349705.min.css]
[Ultrawavetrd.live/wp-content/cache/wpo-minify/1784334304/assets/wpo-minify-header-hello-elementor-theme-style1774349705.min.css]
[Ultrawavetrd.live/wp-content/cache/wpo-minify/1784334304/assets/wpo-minify-header-hello-elementor-header-footer1774349705.min.css]
[Ultrawavetrd.live/wp-content/plugins/elementor/assets/css/frontend.min.css]
[Ultrawavetrd.live/wp-content/cache/wpo-minify/1784334304/assets/wpo-minify-header-elementor-post-91784324912.min.css]
[Ultrawavetrd.live/wp-content/plugins/elementor/assets/css/widget-image.min.css]
[Ultrawavetrd.live/wp-content/plugins/elementor-pro/assets/css/widget-nav-menu.min.css]
[Ultrawavetrd.live/wp-content/plugins/elementor/assets/css/widget-icon-list.min.css]
[Ultrawavetrd.live/wp-content/plugins/elementor/assets/css/widget-heading.min.css]
[Ultrawavetrd.live/wp-content/plugins/elementor/assets/css/widget-icon-box.min.css]
[Ultrawavetrd.live/wp-content/plugins/elementor/assets/css/widget-video.min.css]
[Ultrawavetrd.live/wp-content/plugins/elementor/assets/css/widget-divider.min.css]
[Ultrawavetrd.live/wp-content/plugins/elementor/assets/css/widget-rating.min.css]
[Ultrawavetrd.live/wp-content/plugins/elementor/assets/css/widget-testimonial.min.css]
[Ultrawavetrd.live/wp-content/cache/wpo-minify/1784334304/assets/wpo-minify-header-elementor-post-141784334935.min.css]
[Ultrawavetrd.live/wp-content/cache/wpo-minify/1784334304/assets/wpo-minify-header-elementor-post-2761784324912.min.css]
[Ultrawavetrd.live/wp-content/plugins/happy-elementor-addons/assets/fonts/style.min.css]
[Ultrawavetrd.live/wp-content/cache/wpo-minify/1784334304/assets/wpo-minify-header-font-awesome1774349664.min.css]
[Ultrawavetrd.live/wp-content/cache/wpo-minify/1784334304/assets/wpo-minify-header-elementor-post-2781784324913.min.css]
[Ultrawavetrd.live/wp-content/cache/wpo-minify/1784334304/assets/wpo-minify-header-elementor-gf-inter.min.css]
[Ultrawavetrd.live/wp-includes/js/jquery/jquery.min.js]
[Ultrawavetrd.live/wp-includes/js/jquery/jquery-migrate.min.js]
[Ultrawavetrd.live/wp-content/plugins/happy-elementor-addons/assets/vendor/dom-purify/purify.min.js]
[Ultrawavetrd.live/wp-json/index.html]
[Ultrawavetrd.live/wp-json/wp/v2/pages/14.json]
[Ultrawavetrd.live/xmlrpc0db0.php]
[Ultrawavetrd.live/wp-content/uploads/2026/03/Asset-4649Ultrawavetrd.png]
[Ultrawavetrd.live/wp-content/uploads/2026/03/Asset-4651Ultrawavetrd-1024x127.png]
[s3.tradingview.com/external-embedding/embed-widget-advanced-chart.js]
[widgets.tradingview-widget.com/w/en/tv-ticker-tape.js]
[s3.tradingview.com/external-embedding/embed-widget-market-overview.js]
[Ultrawavetrd.live/cryptocurrencies/index.html]
[Ultrawavetrd.live/forex/index.html]
[Ultrawavetrd.live/wp-content/uploads/2026/03/bitcoin-btc-logo-1024x1024.png]
[Ultrawavetrd.live/shares/index.html]
[Ultrawavetrd.live/wp-content/uploads/2026/03/ethereum_logo_icon_147293.webp]
[Ultrawavetrd.live/indices/index.html]
[Ultrawavetrd.live/etfs/index.html]
[Ultrawavetrd.live/wp-content/uploads/2026/03/imgi_1_COIN_VIEW_RIPPLE_XRP_800x800px_01.png]
[Ultrawavetrd.live/trade/index.html]
[Ultrawavetrd.live/copy-trading/index.html]
[Ultrawavetrd.live/wp-content/uploads/2026/03/imgi_1_cardano-logo-icon-svg-download-png-7002697.png]
[Ultrawavetrd.live/automated-trading/index.html]
[s3.tradingview.com/external-embedding/embed-widget-forex-cross-rates.js]
[Ultrawavetrd.live/about/index.html]
[Ultrawavetrd.live/why-us/index.html]
[Ultrawavetrd.live/faq/index.html]
[s3.tradingview.com/external-embedding/embed-widget-symbol-overview.js]
[s3.tradingview.com/external-embedding/embed-widget-forex-heat-map.js]
[Ultrawavetrd.live/wp-content/uploads/2026/03/19910-compressed.jpg]
[Ultrawavetrd.live/contact-us/index.html]
[Ultrawavetrd.live/wp-content/uploads/2026/03/Screenshot-2026-03-25-210227-compressed.jpg]
[Ultrawavetrd.live/education/index.html]
[Ultrawavetrd.live/wp-content/uploads/2026/03/Screenshot-2026-03-25-210155-compressed.jpg]
[Ultrawavetrd.live/wp-content/uploads/2026/03/Screenshot-2026-03-25-210130-compressed.jpg]
[Ultrawavetrd.live/wp-content/uploads/2026/03/Screenshot-2026-03-25-210211-compressed.jpg]
[Ultrawavetrd.live/wp-content/uploads/2026/03/btc-1.png]
[Ultrawavetrd.live/wp-content/uploads/2026/03/eth.png]
[Ultrawavetrd.live/wp-content/uploads/2026/03/doge.png]
[Ultrawavetrd.live/wp-content/uploads/2026/03/bch.png]
[Ultrawavetrd.live/wp-content/uploads/2026/03/usdt.png]
[Ultrawavetrd.live/wp-content/uploads/2026/03/bnb.png]
[Ultrawavetrd.live/wp-content/uploads/2026/03/ltc.png]
[www.smartsuppchat.com/loader.js]
[Ultrawavetrd.live/wp-includes/js/jquery/ui/core.min.js]
[Ultrawavetrd.live/wp-content/cache/wpo-minify/1784334304/assets/wpo-minify-footer-hello-theme-frontend1774349705.min.js]
[Ultrawavetrd.live/wp-content/plugins/elementor/assets/js/webpack.runtime.min.js]
[Ultrawavetrd.live/wp-content/plugins/elementor/assets/js/frontend-modules.min.js]
[Ultrawavetrd.live/wp-content/plugins/elementor/assets/js/frontend.min.js]
[Ultrawavetrd.live/terms-and-conditions/index.html]
[Ultrawavetrd.live/privacy-policy/index.html]
[Ultrawavetrd.live/wp-content/plugins/elementor-pro/assets/lib/smartmenus/jquery.smartmenus.min.js]
[Ultrawavetrd.live/wp-content/plugins/happy-elementor-addons/assets/js/happy-addons.min.js]
[Ultrawavetrd.live/wp-content/plugins/happy-elementor-addons/assets/js/extension-reading-progress-bar.min.js]
[Ultrawavetrd.live/wp-content/plugins/gtranslate/js/float.js]
[Ultrawavetrd.live/wp-content/plugins/elementor-pro/assets/js/webpack-pro.runtime.min.js]
[Ultrawavetrd.live/wp-includes/js/dist/hooks.min.js]
[Ultrawavetrd.live/wp-includes/js/dist/i18n.min.js]
[Ultrawavetrd.live/wp-content/plugins/elementor-pro/assets/js/frontend.min.js]
[Ultrawavetrd.live/wp-content/plugins/elementor-pro/assets/js/elements-handlers.min.js]
[Ultrawavetrd.live/index.html]
[Ultrawavetrd.live/wp-content/cache/wpo-minify/1784334304/assets/wpo-minify-header-hello-elementor1774349705.min.css]
[Ultrawavetrd.live/wp-content/cache/wpo-minify/1784334304/assets/wpo-minify-header-hello-elementor-theme-style1774349705.min.css]
[Ultrawavetrd.live/wp-content/cache/wpo-minify/1784334304/assets/wpo-minify-header-hello-elementor-header-footer1774349705.min.css]
[Ultrawavetrd.live/wp-content/plugins/elementor/assets/css/frontend.min.css]
[Ultrawavetrd.live/wp-content/cache/wpo-minify/1784334304/assets/wpo-minify-header-elementor-post-91784324912.min.css]
[Ultrawavetrd.live/wp-content/plugins/elementor/assets/css/widget-image.min.css]
[Ultrawavetrd.live/wp-content/plugins/elementor-pro/assets/css/widget-nav-menu.min.css]
[Ultrawavetrd.live/wp-content/plugins/elementor/assets/css/widget-icon-list.min.css]
[Ultrawavetrd.live/wp-content/plugins/elementor/assets/css/widget-heading.min.css]
[Ultrawavetrd.live/wp-content/plugins/elementor/assets/css/widget-icon-box.min.css]
[Ultrawavetrd.live/wp-content/plugins/elementor/assets/css/widget-video.min.css]
[Ultrawavetrd.live/wp-content/plugins/elementor/assets/css/widget-divider.min.css]
[Ultrawavetrd.live/wp-content/plugins/elementor/assets/css/widget-rating.min.css]
[Ultrawavetrd.live/wp-content/plugins/elementor/assets/css/widget-testimonial.min.css]
[Ultrawavetrd.live/wp-content/uploads/2026/03/hero.png]
[Ultrawavetrd.live/wp-content/cache/wpo-minify/1784334304/assets/wpo-minify-header-elementor-post-141784334935.min.css]
[Ultrawavetrd.live/wp-content/cache/wpo-minify/1784334304/assets/wpo-minify-header-elementor-post-2761784324912.min.css]
[Ultrawavetrd.live/wp-content/plugins/happy-elementor-addons/assets/fonts/happy-icons.woff2]
[Ultrawavetrd.live/wp-content/plugins/happy-elementor-addons/assets/fonts/happy-icons.woff]
[Ultrawavetrd.live/wp-content/plugins/happy-elementor-addons/assets/fonts/style.min.css]
[Ultrawavetrd.live/wp-content/cache/wpo-minify/1784334304/assets/wpo-minify-header-font-awesome1774349664.min.css]
[Ultrawavetrd.live/wp-content/cache/wpo-minify/1784334304/assets/wpo-minify-header-elementor-post-2781784324913.min.css]
[Ultrawavetrd.live/wp-content/cache/wpo-minify/1784334304/assets/wpo-minify-header-elementor-gf-inter.min.css]
[Ultrawavetrd.live/wp-content/plugins/elementor/assets/lib/font-awesome/fonts/fontawesome-webfont.eot]
[Ultrawavetrd.live/wp-content/plugins/happy-elementor-addons/assets/fonts/happy-icons.svg]
[Ultrawavetrd.live/wp-json/oembed/1.0/embed6293.json]
[Ultrawavetrd.live/wp-json/oembed/1.0/embed344f]
[Ultrawavetrd.live/wp-content/cache/wpo-minify/1784334304/assets/wpo-minify-header-elementor-post-3211784327448.min.css]
[Ultrawavetrd.live/wp-json/wp/v2/pages/321.json]
[Ultrawavetrd.live/wp-content/uploads/2026/03/Screenshot-2026-03-25-225732-compressed.jpg]
[s3.tradingview.com/external-embedding/embed-widget-screener.js]
[Ultrawavetrd.live/wp-content/uploads/2026/03/commission-scheme-crypt1t.png]
[Ultrawavetrd.live/cryptocurrencies/index.html]
[Ultrawavetrd.live/wp-json/oembed/1.0/embed264e.json]
[Ultrawavetrd.live/wp-json/oembed/1.0/embed6c15]
[Ultrawavetrd.live/wp-content/cache/wpo-minify/1784334304/assets/wpo-minify-header-elementor-post-3611784433777.min.css]
[Ultrawavetrd.live/wp-json/wp/v2/pages/361.json]
[Ultrawavetrd.live/wp-content/uploads/2026/03/Screenshot-2026-03-25-233747-compressed.jpg]
[Ultrawavetrd.live/forex/index.html]
[Ultrawavetrd.live/wp-json/oembed/1.0/embedb028.json]
[Ultrawavetrd.live/wp-json/oembed/1.0/embed116d]
[Ultrawavetrd.live/wp-content/cache/wpo-minify/1784334304/assets/wpo-minify-header-elementor-post-5121784687990.min.css]
[Ultrawavetrd.live/wp-json/wp/v2/pages/512.json]
[Ultrawavetrd.live/wp-content/uploads/2026/03/shares-compressed-1024x683.jpg]
[Ultrawavetrd.live/shares/index.html]
[s3.tradingview.com/external-embedding/embed-widget-stock-heatmap.js]
[Ultrawavetrd.live/wp-json/oembed/1.0/embed7aed.json]
[Ultrawavetrd.live/wp-json/oembed/1.0/embed7dd1]
[Ultrawavetrd.live/wp-content/cache/wpo-minify/1784334304/assets/wpo-minify-header-elementor-post-3711784709271.min.css]
[Ultrawavetrd.live/wp-json/wp/v2/pages/371.json]
[Ultrawavetrd.live/wp-content/uploads/2026/03/indices-1024x658.png]
[Ultrawavetrd.live/indices/index.html]
[s3.tradingview.com/external-embedding/embed-widget-market-quotes.js]
[Ultrawavetrd.live/wp-json/oembed/1.0/embedc98f.json]
[Ultrawavetrd.live/wp-json/oembed/1.0/embed1255]
[Ultrawavetrd.live/wp-content/cache/wpo-minify/1784334304/assets/wpo-minify-header-elementor-post-3781784813286.min.css]
[Ultrawavetrd.live/wp-json/wp/v2/pages/378.json]
[Ultrawavetrd.live/wp-content/uploads/2026/03/etfs2.png]
[Ultrawavetrd.live/etfs/index.html]
[Ultrawavetrd.live/wp-json/oembed/1.0/embedfba3.json]
[Ultrawavetrd.live/wp-json/oembed/1.0/embed7c73]
[Ultrawavetrd.live/wp-content/cache/wpo-minify/1784334304/assets/wpo-minify-header-elementor-post-3961784383063.min.css]
[Ultrawavetrd.live/trade/index.html]
[Ultrawavetrd.live/wp-json/wp/v2/pages/396.json]
[Ultrawavetrd.live/wp-json/oembed/1.0/embed05a9.json]
[Ultrawavetrd.live/wp-json/oembed/1.0/embed20bc]
[Ultrawavetrd.live/wp-content/cache/wpo-minify/1784334304/assets/wpo-minify-header-elementor-post-4051784457708.min.css]
[Ultrawavetrd.live/copy-trading/index.html]
[Ultrawavetrd.live/wp-json/wp/v2/pages/405.json]
[Ultrawavetrd.live/wp-json/oembed/1.0/embed52e5.json]
[Ultrawavetrd.live/wp-json/oembed/1.0/embede821]
[Ultrawavetrd.live/wp-content/plugins/elementor/assets/css/widget-nested-accordion.min.css]
[Ultrawavetrd.live/wp-content/cache/wpo-minify/1784334304/assets/wpo-minify-header-elementor-post-4141784433989.min.css]
[Ultrawavetrd.live/wp-json/wp/v2/pages/414.json]
[Ultrawavetrd.live/wp-content/uploads/2026/03/automate-bg-1024x659.png]
[Ultrawavetrd.live/automated-trading/index.html]
[Ultrawavetrd.live/wp-json/oembed/1.0/embed8641.json]
[Ultrawavetrd.live/wp-json/oembed/1.0/embede83b]
[Ultrawavetrd.live/wp-content/cache/wpo-minify/1784334304/assets/wpo-minify-header-elementor-post-4441784573254.min.css]
[Ultrawavetrd.live/wp-json/wp/v2/pages/444.json]
[Ultrawavetrd.live/wp-content/uploads/2026/03/users.png]
[Ultrawavetrd.live/wp-content/uploads/2026/03/website.png]
[Ultrawavetrd.live/wp-content/uploads/2026/03/speed.png]
[Ultrawavetrd.live/wp-content/uploads/2026/03/1497835.png]
[Ultrawavetrd.live/about/index.html]
[Ultrawavetrd.live/wp-json/oembed/1.0/embede4b5.json]
[Ultrawavetrd.live/wp-json/oembed/1.0/embed257a]
[Ultrawavetrd.live/wp-content/cache/wpo-minify/1784334304/assets/wpo-minify-header-elementor-post-4571784434385.min.css]
[Ultrawavetrd.live/why-us/index.html]
[Ultrawavetrd.live/wp-json/wp/v2/pages/457.json]
[Ultrawavetrd.live/wp-json/oembed/1.0/embed3022.json]
[Ultrawavetrd.live/wp-json/oembed/1.0/embedf0a0]
[Ultrawavetrd.live/wp-content/cache/wpo-minify/1784334304/assets/wpo-minify-header-elementor-post-4641784787052.min.css]
[Ultrawavetrd.live/faq/index.html]
[Ultrawavetrd.live/wp-json/wp/v2/pages/464.json]
[Ultrawavetrd.live/wp-json/oembed/1.0/embed0e3c.json]
[Ultrawavetrd.live/wp-json/oembed/1.0/embedf752]
[Ultrawavetrd.live/wp-content/cache/wpo-minify/1784334304/assets/wpo-minify-header-elementor-post-4691784646347.min.css]
[Ultrawavetrd.live/education/index.html]
[Ultrawavetrd.live/wp-json/wp/v2/pages/469.json]
[Ultrawavetrd.live/wp-json/oembed/1.0/embed43c4.json]
[Ultrawavetrd.live/wp-json/oembed/1.0/embedc293]
[Ultrawavetrd.live/wp-content/plugins/elementor-pro/assets/css/widget-form.min.css]
[Ultrawavetrd.live/wp-content/cache/wpo-minify/1784334304/assets/wpo-minify-header-elementor-post-5271784400548.min.css]
[Ultrawavetrd.live/contact-us/index.html]
[Ultrawavetrd.live/wp-json/wp/v2/pages/527.json]
[Ultrawavetrd.live/wp-json/oembed/1.0/embed3a58.json]
[Ultrawavetrd.live/wp-json/oembed/1.0/embed286e]
[Ultrawavetrd.live/wp-content/cache/wpo-minify/1784334304/assets/wpo-minify-header-elementor-post-5501784464416.min.css]
[Ultrawavetrd.live/terms-and-conditions/index.html]
[Ultrawavetrd.live/wp-json/wp/v2/pages/550.json]
[Ultrawavetrd.live/wp-json/oembed/1.0/embed2ba4.json]
[Ultrawavetrd.live/wp-json/oembed/1.0/embed2b3e]
[Ultrawavetrd.live/wp-content/cache/wpo-minify/1784334304/assets/wpo-minify-header-elementor-post-5451784440797.min.css]
[Ultrawavetrd.live/privacy-policy/index.html]
[Ultrawavetrd.live/wp-content/plugins/happy-elementor-addons/assets/fonts/happy-icons.svg]
[Ultrawavetrd.live/wp-content/cache/wpo-minify/1784334304/assets/wpo-minify-header-elementor-post-3211784327448.min.css]
[Ultrawavetrd.live/index8ee7.html]
[Ultrawavetrd.live/wp-json/wp/v2/pages/545.json]
[Ultrawavetrd.live/wp-content/uploads/2026/03/forex-candle.svg]
[Ultrawavetrd.live/wp-content/cache/wpo-minify/1784334304/assets/wpo-minify-header-elementor-post-3611784433777.min.css]
[Ultrawavetrd.live/index76f0.html]
[Ultrawavetrd.live/wp-content/cache/wpo-minify/1784334304/assets/wpo-minify-header-elementor-post-5121784687990.min.css]
[Ultrawavetrd.live/indexb87d.html]
[Ultrawavetrd.live/wp-content/uploads/2026/03/indices-bg.svg]
[Ultrawavetrd.live/wp-content/cache/wpo-minify/1784334304/assets/wpo-minify-header-elementor-post-3711784709271.min.css]
[Ultrawavetrd.live/index9f0a.html]
[Ultrawavetrd.live/wp-content/uploads/2026/03/etfs-bg.svg]
[Ultrawavetrd.live/wp-content/cache/wpo-minify/1784334304/assets/wpo-minify-header-elementor-post-3781784813286.min.css]
[Ultrawavetrd.live/indexe8d3.html]
[Ultrawavetrd.live/wp-content/uploads/2026/03/gradient-bg-compressed-scaled.jpg]
[Ultrawavetrd.live/wp-content/cache/wpo-minify/1784334304/assets/wpo-minify-header-elementor-post-3961784383063.min.css]
[Ultrawavetrd.live/index2e25.html]
[Ultrawavetrd.live/wp-content/uploads/2026/03/grad-bg.svg]
[Ultrawavetrd.live/wp-content/cache/wpo-minify/1784334304/assets/wpo-minify-header-elementor-post-4051784457708.min.css]
[Ultrawavetrd.live/index4efb.html]
[Ultrawavetrd.live/wp-content/plugins/elementor/assets/css/widget-nested-accordion.min.css]
[Ultrawavetrd.live/wp-content/uploads/2026/03/bg2-compressed-scaled.jpg]
[Ultrawavetrd.live/wp-content/cache/wpo-minify/1784334304/assets/wpo-minify-header-elementor-post-4141784433989.min.css]
[Ultrawavetrd.live/index24eb.html]
[Ultrawavetrd.live/wp-content/cache/wpo-minify/1784334304/assets/wpo-minify-header-elementor-post-4441784573254.min.css]
[Ultrawavetrd.live/indexb284.html]
[Ultrawavetrd.live/wp-content/cache/wpo-minify/1784334304/assets/wpo-minify-header-elementor-post-4571784434385.min.css]
[Ultrawavetrd.live/index9d51.html]
[Ultrawavetrd.live/wp-content/cache/wpo-minify/1784334304/assets/wpo-minify-header-elementor-post-4641784787052.min.css]
[Ultrawavetrd.live/indexa260.html]
[Ultrawavetrd.live/wp-content/cache/wpo-minify/1784334304/assets/wpo-minify-header-elementor-post-4691784646347.min.css]
[Ultrawavetrd.live/indexa040.html]
[Ultrawavetrd.live/wp-content/plugins/elementor-pro/assets/css/widget-form.min.css]
[Ultrawavetrd.live/wp-content/cache/wpo-minify/1784334304/assets/wpo-minify-header-elementor-post-5271784400548.min.css]
[Ultrawavetrd.live/index9a9b.html]
[Ultrawavetrd.live/wp-content/cache/wpo-minify/1784334304/assets/wpo-minify-header-elementor-post-5501784464416.min.css]
[Ultrawavetrd.live/indexa165.html]
[Ultrawavetrd.live/wp-content/cache/wpo-minify/1784334304/assets/wpo-minify-header-elementor-post-5451784440797.min.css]
[Ultrawavetrd.live/index3a3f.html]
[Ultrawavetrd.live/wp-content/uploads/2026/03/forex-candle.svg]
[Ultrawavetrd.live/wp-content/uploads/2026/03/indices-bg.svg]
[Ultrawavetrd.live/wp-content/uploads/2026/03/etfs-bg.svg]
[Ultrawavetrd.live/wp-content/uploads/2026/03/grad-bg.svg]
